2025-01-24 22:13:19,185 - INFO - Loading dataset from Data/sample_dataset.csv
2025-01-24 22:13:19,296 - INFO - Dataset loaded successfully, shape: (153375, 8)
2025-01-24 22:13:19,296 - INFO - Displaying first 5 rows of the dataset:
2025-01-24 22:13:19,300 - INFO - 
   Id  eventId  userID  rawData      ppg     type subType  label
0   1     5635      45   1630.0  69.0000  Seizure    Aura      0
1   2     5635      45   1632.0  68.9283  Seizure    Aura      0
2   3     5635      45   1628.0  68.8575  Seizure    Aura      0
3   4     5635      45   1621.0  68.7877  Seizure    Aura      0
4   5     5635      45   1624.0  68.7189  Seizure    Aura      0
2025-01-24 22:13:19,301 - INFO - Loading data with DataLoader...
2025-01-24 22:13:19,975 - INFO - Data loaded successfully, resulting dataframe shape: (1507, 4)
2025-01-24 22:13:19,975 - INFO - Displaying first 5 rows of processed data:
2025-01-24 22:13:20,022 - INFO - 
                                                                                                                                                                                                                                                                                                                                                                                                                                                                                                                                                                                                                                                                                                                                                                                                                                                                                                                                                                                                                                                                                                                                                                                                                                                                                                                                                                                                                                                                                                                                                                                                                                                                                                                                                                                                                                                                                                                                                                                                                                                                                                                                                                                                                                                                                              segments           labels  eventId  userID
0  [[1066.9883, 16.4196], [1007.7778, 15.768], [1025.9357, 15.1197], [1019.76465, 14.4747], [1108.0072, 13.8331], [1110.3081, 13.1952], [1040.2615, 12.561], [1098.5154, 11.9307], [1035.6293, 11.3044], [1050.6302, 10.6823], [1042.896, 10.0645], [1042.6581, 9.451], [1053.9753, 8.8422], [1025.101, 8.238], [1071.0294, 7.6387], [1207.8807, 7.0443], [960.88293, 6.455], [1103.2678, 5.871], [1064.9094, 5.2923], [1012.71124, 4.7192], [1057.6049, 4.1517], [1001.0315, 3.59], [1030.7667, 3.0342], [1013.93494, 2.4844], [1075.4348, 1.9409], [1044.0383, 1.4036], [1025.5223, 0.8729], [1076.1189, 0.3487], [1090.8785, -0.1687], [1030.464, -0.6793], [1086.1823, -1.1829], [1072.4626, -1.6793], [983.9024, -2.1687], [992.3064, -2.6509], [1125.5435, -3.1259], [1065.9982, -3.5937], [1113.1074, -4.0544], [1025.6082, -4.5077], [1057.3779, -4.9539], [1028.1946, -5.3927], [1062.0208, -5.8242], [1047.2745, -6.2485], [1059.7283, -6.6653], [1109.4143, -7.0748], [1044.0996, -7.4769], [1053.9829, -7.8716], [995.0357, -8.2588], [1211.7623, -8.6386], [999.33575, -9.0108], [1044.4979, -9.3756], [1054.2181, -9.7329], [988.7204, -10.0825], [1037.3737, -10.4246], [1143.5664, -10.7591], [1061.8173, -11.086], [1045.7533, -11.4053], [1071.2086, -11.7168], [1018.1552, -12.0207], [1071.8358, -12.3169], [1046.7626, -12.6053], [1070.8427, -12.886], [1075.5315, -13.1589], [1104.5433, -13.4239], [1211.1086, -13.6812], [956.159, -13.9306], [974.33466, -14.1721], [1041.4912, -14.4058], [1272.283, -14.6315], [860.18604, -14.8492], [1034.176, -15.0591], [1003.27466, -15.2609], [1045.0187, -15.4547], [957.6889, -15.6405], [970.9459, -15.8182], [1066.2157, -15.9879], [1132.424, -16.1494], [1096.0292, -16.3028], [1248.4935, -16.4481], [954.6685, -16.5852], [1057.9225, -16.7142], [1088.5072, -16.8349], [1054.9237, -16.9473], [1104.5361, -17.0515], [1085.0917, -17.1475], [1056.3787, -17.2351], [1032.2635, -17.3144], [998.56696, -17.3854], [1050.6608, -17.4479], [1052.365, -17.5021], [1082.9146, -17.5479], [1079.1553, -17.5852], [1072.4551, -17.614], [1090.4238, -17.6344], [1083.0032, -17.6463], [1012.97974, -17.6496], [1035.6448, -17.6444], [1150.93, -17.6306], [918.8689, -17.6082], [1088.713, -17.5771], [1063.9098, -17.5375], ...]  [0.0, 1.0, 0.0]      115      39
1    [[1054.6431, -17.4891], [1058.0813, -17.4321], [1079.0885, -17.3664], [1067.7003, -17.2919], [993.78064, -17.2086], [1048.1221, -17.1166], [1090.2404, -17.0158], [1128.4893, -16.9061], [1059.4943, -16.7876], [1009.88715, -16.6603], [1036.0077, -16.524], [1075.1968, -16.3788], [1042.4126, -16.2247], [952.98267, -16.0616], [939.31036, -15.8895], [1048.2213, -15.7084], [1170.2307, -15.5183], [1158.2953, -15.3191], [996.97144, -15.1108], [1087.4557, -14.8935], [1075.4423, -14.667], [1106.8153, -14.4314], [1049.7466, -14.1866], [1028.7468, -13.9326], [1060.0302, -13.6694], [1060.1962, -13.397], [1083.0328, -13.1153], [1105.1371, -12.8243], [1082.7299, -12.524], [1017.833, -12.2144], [988.5262, -11.8955], [1015.76373, -11.5672], [1027.7821, -11.2294], [1127.8865, -10.8823], [1050.2495, -10.5257], [1114.1849, -10.1597], [1072.403, -9.7841], [1057.5822, -9.3991], [1094.605, -9.0045], [1001.8064, -8.6004], [1062.3898, -8.1867], [1064.6013, -7.7634], [1070.2822, -7.3305], [1053.1704, -6.8879], [1043.6091, -6.4357], [1088.1912, -5.9737], [1052.7982, -5.5021], [1025.3507, -5.0207], [1016.10236, -4.5296], [1028.568, -4.0287], [1081.8799, -3.5179], [1068.7263, -2.9974], [1048.0763, -2.467], [1065.0972, -1.9267], [1059.4338, -1.3765], [1019.8902, -0.8164], [1031.8527, -0.2465], [1056.833, 0.3332], [1071.2311, 0.9223], [1042.4894, 1.5208], [1051.9392, 2.1285], [1068.4943, 2.7452], [1054.5217, 3.3707], [1068.397, 4.0048], [1054.3245, 4.6473], [1064.3608, 5.2981], [928.6463, 5.9571], [1073.3573, 6.6239], [1063.8346, 7.2985], [1059.5773, 7.9807], [1039.4307, 8.6702], [1090.4164, 9.367], [1075.6729, 10.0708], [1059.5773, 10.7814], [1079.763, 11.4988], [995.5822, 12.2226], [1016.19684, 12.9527], [1062.1788, 13.689], [1064.5262, 14.4313], [1073.171, 15.1793], [1102.2812, 15.9329], [1060.0377, 16.692], [1001.4789, 17.4564], [1032.6974, 18.2258], [1037.1191, 19.0001], [1040.1692, 19.7791], [1077.9907, 20.5627], [1079.8593, 21.3507], [1068.3296, 22.1428], [1019.0741, 22.9389], [1031.814, 23.7389], [1075.2042, 24.5426], [1082.789, 25.3497], [1065.7279, 26.1601], [1066.5984, 26.9736], [1041.1147, 27.7901], [1084.6271, 28.6094], [1033.4408, 29.4312], [1056.1061, 30.2554], [1044.9574, 31.0819], ...]  [0.0, 1.0, 0.0]      115      39
2                                     [[1057.4006, 31.9105], [1027.9144, 32.7409], [1119.0067, 33.573], [1050.5693, 34.4066], [1017.6207, 35.2416], [1075.1744, 36.0778], [1075.3529, 36.9149], [1022.44415, 37.7529], [1045.8069, 38.5915], [1067.6329, 39.4305], [1044.0306, 40.2699], [1035.2275, 41.1093], [1042.259, 41.9487], [1091.0105, 42.7878], [1067.4231, 43.6264], [1047.3357, 44.4645], [1042.4126, 45.3018], [1039.115, 46.1381], [1045.2789, 46.9732], [1066.8909, 47.8071], [1086.7198, 48.6394], [1031.3021, 49.4701], [1037.8901, 50.2989], [1082.885, 51.1257], [1066.2007, 51.9503], [1045.8298, 52.7725], [1076.2974, 53.5921], [1066.3282, 54.409], [1054.4003, 55.223], [1050.0057, 56.0338], [1053.74, 56.8414], [1042.8883, 57.6456], [1050.3561, 58.4461], [1038.106, 59.2428], [1046.5256, 60.0355], [1044.4979, 60.8241], [1030.5881, 61.6083], [1197.9182, 62.388], [994.07043, 63.163], [1076.446, 63.9331], [1094.9192, 64.6982], [1159.1791, 65.458], [1062.7059, 66.2125], [988.4533, 66.9613], [1027.5175, 67.7044], [1053.1249, 68.4416], [1077.872, 69.1726], [1067.5804, 69.8973], [1071.8881, 70.6156], [897.73047, 71.3272], [1074.5194, 72.032], [983.9919, 72.7297], [953.9895, 73.4203], [1036.2471, 74.1036], [1023.9844, 74.7792], [961.0411, 75.4472], [1010.81354, 76.1073], [1014.5502, 76.7593], [1028.4045, 77.403], [1083.8229, 78.0384], [1012.4189, 78.6651], [978.3823, 79.283], [1011.88934, 79.892], [1011.8498, 80.4918], [1028.8867, 81.0823], [1028.9723, 81.6633], [880.0091, 82.2347], [1067.4006, 82.7962], [1137.4287, 83.3476], [1051.7794, 83.8889], [1001.4789, 84.4198], [970.55035, 84.9401], [980.20404, 85.4497], [980.20404, 85.9484], [1010.1802, 86.4359], [991.8145, 86.9122], [1060.5809, 87.3771], [1047.4349, 87.8303], [982.99133, 88.2717], [993.45056, 88.7011], [1044.8656, 89.1184], [1013.6745, 89.5235], [944.97406, 89.9164], [969.6267, 90.2973], [957.97284, 90.6664], [981.2156, 91.0237], [988.72845, 91.3695], [1021.44995, 91.7037], [1067.0708, 92.0267], [1012.1581, 92.3384], [1013.8402, 92.639], [1046.8849, 92.9287], [889.74603, 93.2075], [948.6917, 93.4757], [1060.8977, 93.7332], [1080.8071, 93.9804], [995.4537, 94.2172], [926.4902, 94.4439], [935.2989, 94.6605], [1029.493, 94.8672], ...]  [0.0, 1.0, 0.0]      115      39
3                                                  [[1060.9882, 95.0641], [1057.8015, 95.2513], [1037.9133, 95.4291], [973.72687, 95.5974], [917.8322, 95.7564], [1031.7054, 95.9063], [1135.9578, 96.0472], [1013.114, 96.1792], [978.76654, 96.3025], [963.46045, 96.4171], [988.1053, 96.5233], [939.3189, 96.621], [928.7411, 96.7106], [1045.5544, 96.792], [1032.3643, 96.8655], [958.70746, 96.9311], [914.9601, 96.989], [881.39886, 97.0393], [1004.8841, 97.0822], [994.85876, 97.1177], [1026.4813, 97.146], [1089.3741, 97.1673], [1038.8378, 97.1816], [1006.9439, 97.1891], [999.816, 97.19], [925.8682, 97.1842], [993.4828, 97.1721], [1103.8623, 97.1537], [1124.0925, 97.1291], [1003.5298, 97.0984], [827.60376, 97.0619], [984.04065, 97.0196], [1137.956, 96.9717], [1019.8745, 96.9182], [867.8157, 96.8594], [900.9684, 96.7952], [1009.65735, 96.726], [974.69586, 96.6518], [968.96643, 96.5727], [1034.9879, 96.4889], [962.3388, 96.4004], [965.52576, 96.3075], [1072.7385, 96.2103], [1092.498, 96.1088], [1024.1953, 96.0032], [980.2775, 95.8937], [959.183, 95.7803], [952.88196, 95.6632], [1128.1843, 95.5426], [1111.9281, 95.4185], [902.4855, 95.2911], [883.9638, 95.1605], [911.7017, 95.0269], [917.74506, 94.8904], [952.08405, 94.751], [1063.5111, 94.609], [1111.3163, 94.4645], [1079.0366, 94.3175], [1062.593, 94.1683], [1066.6509, 94.0169], [933.1066, 93.8635], [862.6842, 93.7082], [1000.49585, 93.5512], [1094.8387, 93.3925], [994.72205, 93.2323], [952.1849, 93.0708], [892.8695, 92.908], [1481.5343, 92.7441], [1233.298, 92.5793], [928.3965, 92.4135], [1051.3458, 92.2471], [1036.8105, 92.0801], [862.3503, 91.9126], [980.302, 91.7447], [1018.10803, 91.5767], [926.7923, 91.4086], [989.3594, 91.2405], [1108.8661, 91.0727], [1027.315, 90.9051], [1087.7279, 90.738], [988.39667, 90.5714], [1015.86615, 90.4056], [1046.4799, 90.2406], [1014.32935, 90.0766], [1016.38574, 89.9136], [1048.969, 89.7519], [1166.4099, 89.5915], [1069.9458, 89.4326], [996.7708, 89.2753], [1064.8118, 89.1197], [1055.3104, 88.9661], [965.89856, 88.8144], [885.1034, 88.6648], [874.21735, 88.5175], [803.28326, 88.3726], [755.20593, 88.2302], [1060.4603, 88.0904], [1228.2605, 87.9535], [1198.1986, 87.8194], [1415.3331, 87.6883], ...]  [0.0, 1.0, 0.0]      115      39
4                                          [[1300.1477, 87.5605], [1059.5396, 87.4359], [1114.7449, 87.3147], [1089.6238, 87.1971], [911.62274, 87.0832], [969.53595, 86.9731], [1067.9775, 86.8668], [998.35065, 86.7645], [950.42725, 86.6659], [1224.1503, 86.5711], [1168.8285, 86.4801], [1039.423, 86.3927], [1066.2233, 86.3089], [1137.3654, 86.2288], [1101.2284, 86.1522], [965.6583, 86.0791], [1058.0359, 86.0096], [1072.1642, 85.9434], [1111.0859, 85.8806], [1109.8036, 85.8212], [976.9995, 85.765], [936.06836, 85.7121], [1043.2104, 85.6625], [1087.9265, 85.616], [1112.1798, 85.5726], [994.26355, 85.5323], [1091.4211, 85.4951], [1205.2883, 85.4609], [766.6342, 85.4296], [968.47095, 85.4013], [1017.6207, 85.3758], [1236.4207, 85.3531], [1237.6881, 85.3333], [1288.652, 85.3161], [1209.6809, 85.3017], [1170.7638, 85.29], [1117.7191, 85.2808], [1210.3289, 85.2743], [714.7475, 85.2703], [506.42276, 85.2687], [1486.7145, 85.2696], [1240.1096, 85.2729], [1079.2368, 85.2786], [1142.0472, 85.2866], [1487.6613, 85.2969], [999.912, 85.3094], [926.7923, 85.3241], [1286.2721, 85.3409], [928.2155, 85.3598], [378.22745, 85.3808], [1345.7489, 85.4039], [1758.0762, 85.4289], [1184.3851, 85.4558], [837.3864, 85.4846], [1101.824, 85.5153], [1239.7355, 85.5478], [1141.0662, 85.5821], [1152.722, 85.618], [1105.7522, 85.6557], [539.5405, 85.695], [686.26526, 85.7358], [1171.4811, 85.7783], [1343.226, 85.8222], [1004.86017, 85.8676], [707.37823, 85.9144], [1323.6254, 85.9626], [1135.507, 86.0121], [949.01215, 86.063], [1018.77576, 86.1151], [1028.0778, 86.1684], [971.3578, 86.2228], [949.3071, 86.2784], [997.48486, 86.3351], [1078.5249, 86.3928], [986.8009, 86.4514], [947.0628, 86.5111], [1039.6077, 86.5717], [1087.9265, 86.6331], [1231.8052, 86.6953], [1213.3458, 86.7584], [1148.7454, 86.8221], [1071.9478, 86.8866], [958.24005, 86.9517], [898.0512, 87.0174], [920.0174, 87.0837], [961.58203, 87.1506], [943.1691, 87.2179], [1067.7977, 87.2856], [1200.9197, 87.3538], [1131.6395, 87.4223], [878.5898, 87.4911], [756.50775, 87.5602], [796.8036, 87.6295], [945.3126, 87.699], [849.2632, 87.7686], [864.4906, 87.8383], [1084.2067, 87.9081], [1212.2706, 87.9779], [1147.5051, 88.0477], [1154.8091, 88.1174], ...]  [0.0, 1.0, 0.0]      115      39
2025-01-24 22:13:59,953 - INFO - Loading dataset from Data/sample_dataset.csv
2025-01-24 22:14:00,048 - INFO - Dataset loaded successfully, shape: (153375, 8)
2025-01-24 22:14:00,048 - INFO - Displaying first 5 rows of the dataset:
2025-01-24 22:14:00,048 - INFO - 
   Id  eventId  userID  rawData      ppg     type subType  label
0   1     5635      45   1630.0  69.0000  Seizure    Aura      0
1   2     5635      45   1632.0  68.9283  Seizure    Aura      0
2   3     5635      45   1628.0  68.8575  Seizure    Aura      0
3   4     5635      45   1621.0  68.7877  Seizure    Aura      0
4   5     5635      45   1624.0  68.7189  Seizure    Aura      0
2025-01-24 22:14:00,048 - INFO - Loading data with DataLoader...
2025-01-24 22:14:00,732 - INFO - Data loaded successfully, resulting dataframe shape: (1507, 4)
2025-01-24 22:14:00,732 - INFO - Displaying first 5 rows of processed data:
2025-01-24 22:14:00,732 - INFO - 
                                                                                                                                                                                                                                                                                                                                                                                                                                                                                                                                                                                                                                                                                                                                                                                                                                                                                                                                                                                                                                                                                                                                                                                                                                                                                                                                                                                                                                                                                                                                                                                                                                                                                                                                                                                                                                                                                                                                                                                                                                                                                                                                                                                                                                                                                              segments           labels  eventId  userID
0  [[1066.9883, 16.4196], [1007.7778, 15.768], [1025.9357, 15.1197], [1019.76465, 14.4747], [1108.0072, 13.8331], [1110.3081, 13.1952], [1040.2615, 12.561], [1098.5154, 11.9307], [1035.6293, 11.3044], [1050.6302, 10.6823], [1042.896, 10.0645], [1042.6581, 9.451], [1053.9753, 8.8422], [1025.101, 8.238], [1071.0294, 7.6387], [1207.8807, 7.0443], [960.88293, 6.455], [1103.2678, 5.871], [1064.9094, 5.2923], [1012.71124, 4.7192], [1057.6049, 4.1517], [1001.0315, 3.59], [1030.7667, 3.0342], [1013.93494, 2.4844], [1075.4348, 1.9409], [1044.0383, 1.4036], [1025.5223, 0.8729], [1076.1189, 0.3487], [1090.8785, -0.1687], [1030.464, -0.6793], [1086.1823, -1.1829], [1072.4626, -1.6793], [983.9024, -2.1687], [992.3064, -2.6509], [1125.5435, -3.1259], [1065.9982, -3.5937], [1113.1074, -4.0544], [1025.6082, -4.5077], [1057.3779, -4.9539], [1028.1946, -5.3927], [1062.0208, -5.8242], [1047.2745, -6.2485], [1059.7283, -6.6653], [1109.4143, -7.0748], [1044.0996, -7.4769], [1053.9829, -7.8716], [995.0357, -8.2588], [1211.7623, -8.6386], [999.33575, -9.0108], [1044.4979, -9.3756], [1054.2181, -9.7329], [988.7204, -10.0825], [1037.3737, -10.4246], [1143.5664, -10.7591], [1061.8173, -11.086], [1045.7533, -11.4053], [1071.2086, -11.7168], [1018.1552, -12.0207], [1071.8358, -12.3169], [1046.7626, -12.6053], [1070.8427, -12.886], [1075.5315, -13.1589], [1104.5433, -13.4239], [1211.1086, -13.6812], [956.159, -13.9306], [974.33466, -14.1721], [1041.4912, -14.4058], [1272.283, -14.6315], [860.18604, -14.8492], [1034.176, -15.0591], [1003.27466, -15.2609], [1045.0187, -15.4547], [957.6889, -15.6405], [970.9459, -15.8182], [1066.2157, -15.9879], [1132.424, -16.1494], [1096.0292, -16.3028], [1248.4935, -16.4481], [954.6685, -16.5852], [1057.9225, -16.7142], [1088.5072, -16.8349], [1054.9237, -16.9473], [1104.5361, -17.0515], [1085.0917, -17.1475], [1056.3787, -17.2351], [1032.2635, -17.3144], [998.56696, -17.3854], [1050.6608, -17.4479], [1052.365, -17.5021], [1082.9146, -17.5479], [1079.1553, -17.5852], [1072.4551, -17.614], [1090.4238, -17.6344], [1083.0032, -17.6463], [1012.97974, -17.6496], [1035.6448, -17.6444], [1150.93, -17.6306], [918.8689, -17.6082], [1088.713, -17.5771], [1063.9098, -17.5375], ...]  [0.0, 1.0, 0.0]      115      39
2025-01-24 22:14:19,795 - INFO - Loading dataset from Data/sample_dataset.csv
2025-01-24 22:14:19,898 - INFO - Dataset loaded successfully, shape: (153375, 8)
2025-01-24 22:14:19,898 - INFO - Displaying first 5 rows of the dataset:
2025-01-24 22:14:19,898 - INFO - 
   Id  eventId  userID  rawData      ppg     type subType  label
0   1     5635      45   1630.0  69.0000  Seizure    Aura      0
1   2     5635      45   1632.0  68.9283  Seizure    Aura      0
2   3     5635      45   1628.0  68.8575  Seizure    Aura      0
3   4     5635      45   1621.0  68.7877  Seizure    Aura      0
4   5     5635      45   1624.0  68.7189  Seizure    Aura      0
2025-01-24 22:14:19,898 - INFO - Loading data with DataLoader...
2025-01-24 22:14:20,550 - INFO - Data loaded successfully, resulting dataframe shape: (1507, 4)
2025-01-24 22:14:20,550 - INFO - Displaying first 5 rows of processed data:
2025-01-24 22:14:20,566 - ERROR - An error occurred: ufunc 'add' did not contain a loop with signature matching types (dtype('<U1'), dtype('float32')) -> None
2025-01-24 22:14:33,315 - INFO - Loading dataset from Data/sample_dataset.csv
2025-01-24 22:14:33,411 - INFO - Dataset loaded successfully, shape: (153375, 8)
2025-01-24 22:14:33,411 - INFO - Displaying first 5 rows of the dataset:
2025-01-24 22:14:33,411 - INFO - 
   Id  eventId  userID  rawData      ppg     type subType  label
0   1     5635      45   1630.0  69.0000  Seizure    Aura      0
1   2     5635      45   1632.0  68.9283  Seizure    Aura      0
2   3     5635      45   1628.0  68.8575  Seizure    Aura      0
3   4     5635      45   1621.0  68.7877  Seizure    Aura      0
4   5     5635      45   1624.0  68.7189  Seizure    Aura      0
2025-01-24 22:14:33,411 - INFO - Loading data with DataLoader...
2025-01-24 22:14:34,072 - INFO - Data loaded successfully, resulting dataframe shape: (1507, 4)
2025-01-24 22:14:34,072 - INFO - Displaying first 5 rows of processed data:
2025-01-24 22:14:34,072 - INFO - 
                                                                                                                                                                                                                                                                                                                                                                                                                                                                                                                                                                                                                                                                                                                                                                                                                                                                                                                                                                                                                                                                                                                                                                                                                                                                                                                                                                                                                                                                                                                                                                                                                                                                                                                                                                                                                                                                                                                                                                                                                                                                                                                                                                                                                                                                                              segments           labels  eventId  userID
0  [[1066.9883, 16.4196], [1007.7778, 15.768], [1025.9357, 15.1197], [1019.76465, 14.4747], [1108.0072, 13.8331], [1110.3081, 13.1952], [1040.2615, 12.561], [1098.5154, 11.9307], [1035.6293, 11.3044], [1050.6302, 10.6823], [1042.896, 10.0645], [1042.6581, 9.451], [1053.9753, 8.8422], [1025.101, 8.238], [1071.0294, 7.6387], [1207.8807, 7.0443], [960.88293, 6.455], [1103.2678, 5.871], [1064.9094, 5.2923], [1012.71124, 4.7192], [1057.6049, 4.1517], [1001.0315, 3.59], [1030.7667, 3.0342], [1013.93494, 2.4844], [1075.4348, 1.9409], [1044.0383, 1.4036], [1025.5223, 0.8729], [1076.1189, 0.3487], [1090.8785, -0.1687], [1030.464, -0.6793], [1086.1823, -1.1829], [1072.4626, -1.6793], [983.9024, -2.1687], [992.3064, -2.6509], [1125.5435, -3.1259], [1065.9982, -3.5937], [1113.1074, -4.0544], [1025.6082, -4.5077], [1057.3779, -4.9539], [1028.1946, -5.3927], [1062.0208, -5.8242], [1047.2745, -6.2485], [1059.7283, -6.6653], [1109.4143, -7.0748], [1044.0996, -7.4769], [1053.9829, -7.8716], [995.0357, -8.2588], [1211.7623, -8.6386], [999.33575, -9.0108], [1044.4979, -9.3756], [1054.2181, -9.7329], [988.7204, -10.0825], [1037.3737, -10.4246], [1143.5664, -10.7591], [1061.8173, -11.086], [1045.7533, -11.4053], [1071.2086, -11.7168], [1018.1552, -12.0207], [1071.8358, -12.3169], [1046.7626, -12.6053], [1070.8427, -12.886], [1075.5315, -13.1589], [1104.5433, -13.4239], [1211.1086, -13.6812], [956.159, -13.9306], [974.33466, -14.1721], [1041.4912, -14.4058], [1272.283, -14.6315], [860.18604, -14.8492], [1034.176, -15.0591], [1003.27466, -15.2609], [1045.0187, -15.4547], [957.6889, -15.6405], [970.9459, -15.8182], [1066.2157, -15.9879], [1132.424, -16.1494], [1096.0292, -16.3028], [1248.4935, -16.4481], [954.6685, -16.5852], [1057.9225, -16.7142], [1088.5072, -16.8349], [1054.9237, -16.9473], [1104.5361, -17.0515], [1085.0917, -17.1475], [1056.3787, -17.2351], [1032.2635, -17.3144], [998.56696, -17.3854], [1050.6608, -17.4479], [1052.365, -17.5021], [1082.9146, -17.5479], [1079.1553, -17.5852], [1072.4551, -17.614], [1090.4238, -17.6344], [1083.0032, -17.6463], [1012.97974, -17.6496], [1035.6448, -17.6444], [1150.93, -17.6306], [918.8689, -17.6082], [1088.713, -17.5771], [1063.9098, -17.5375], ...]  [0.0, 1.0, 0.0]      115      39
2025-01-24 22:15:50,491 - INFO - Loading dataset from Data/sample_dataset.csv
2025-01-24 22:15:50,586 - INFO - Dataset loaded successfully, shape: (153375, 8)
2025-01-24 22:15:50,586 - INFO - Displaying first 5 rows of the dataset:
2025-01-24 22:15:50,593 - INFO - 
   Id  eventId  userID  rawData      ppg     type subType  label
0   1     5635      45   1630.0  69.0000  Seizure    Aura      0
1   2     5635      45   1632.0  68.9283  Seizure    Aura      0
2   3     5635      45   1628.0  68.8575  Seizure    Aura      0
3   4     5635      45   1621.0  68.7877  Seizure    Aura      0
4   5     5635      45   1624.0  68.7189  Seizure    Aura      0
2025-01-24 22:15:50,594 - INFO - Loading data with DataLoader...
2025-01-24 22:15:51,258 - INFO - Data loaded successfully, resulting dataframe shape: (1507, 4)
2025-01-24 22:15:51,258 - INFO - Displaying first row of processed data:
2025-01-24 22:15:51,274 - INFO - 
                                                                                                                                                                                                                                                                                                                                                                                                                                                                                                                                                                                                                                                                                                                                                                                                                                                                                                                                                                                                                                                                                                                                                                                                                                                                                                                                                                                                                                                                                                                                                                                                                                                                                                                                                                                                                                                                                                                                                                                                                                                                                                                                                                                                                                                                                              segments           labels  eventId  userID
0  [[1066.9883, 16.4196], [1007.7778, 15.768], [1025.9357, 15.1197], [1019.76465, 14.4747], [1108.0072, 13.8331], [1110.3081, 13.1952], [1040.2615, 12.561], [1098.5154, 11.9307], [1035.6293, 11.3044], [1050.6302, 10.6823], [1042.896, 10.0645], [1042.6581, 9.451], [1053.9753, 8.8422], [1025.101, 8.238], [1071.0294, 7.6387], [1207.8807, 7.0443], [960.88293, 6.455], [1103.2678, 5.871], [1064.9094, 5.2923], [1012.71124, 4.7192], [1057.6049, 4.1517], [1001.0315, 3.59], [1030.7667, 3.0342], [1013.93494, 2.4844], [1075.4348, 1.9409], [1044.0383, 1.4036], [1025.5223, 0.8729], [1076.1189, 0.3487], [1090.8785, -0.1687], [1030.464, -0.6793], [1086.1823, -1.1829], [1072.4626, -1.6793], [983.9024, -2.1687], [992.3064, -2.6509], [1125.5435, -3.1259], [1065.9982, -3.5937], [1113.1074, -4.0544], [1025.6082, -4.5077], [1057.3779, -4.9539], [1028.1946, -5.3927], [1062.0208, -5.8242], [1047.2745, -6.2485], [1059.7283, -6.6653], [1109.4143, -7.0748], [1044.0996, -7.4769], [1053.9829, -7.8716], [995.0357, -8.2588], [1211.7623, -8.6386], [999.33575, -9.0108], [1044.4979, -9.3756], [1054.2181, -9.7329], [988.7204, -10.0825], [1037.3737, -10.4246], [1143.5664, -10.7591], [1061.8173, -11.086], [1045.7533, -11.4053], [1071.2086, -11.7168], [1018.1552, -12.0207], [1071.8358, -12.3169], [1046.7626, -12.6053], [1070.8427, -12.886], [1075.5315, -13.1589], [1104.5433, -13.4239], [1211.1086, -13.6812], [956.159, -13.9306], [974.33466, -14.1721], [1041.4912, -14.4058], [1272.283, -14.6315], [860.18604, -14.8492], [1034.176, -15.0591], [1003.27466, -15.2609], [1045.0187, -15.4547], [957.6889, -15.6405], [970.9459, -15.8182], [1066.2157, -15.9879], [1132.424, -16.1494], [1096.0292, -16.3028], [1248.4935, -16.4481], [954.6685, -16.5852], [1057.9225, -16.7142], [1088.5072, -16.8349], [1054.9237, -16.9473], [1104.5361, -17.0515], [1085.0917, -17.1475], [1056.3787, -17.2351], [1032.2635, -17.3144], [998.56696, -17.3854], [1050.6608, -17.4479], [1052.365, -17.5021], [1082.9146, -17.5479], [1079.1553, -17.5852], [1072.4551, -17.614], [1090.4238, -17.6344], [1083.0032, -17.6463], [1012.97974, -17.6496], [1035.6448, -17.6444], [1150.93, -17.6306], [918.8689, -17.6082], [1088.713, -17.5771], [1063.9098, -17.5375], ...]  [0.0, 1.0, 0.0]      115      39
2025-01-24 22:15:51,274 - INFO - Pipeline complete.
2025-01-24 22:17:33,328 - INFO - 1. Loading dataset from Data/sample_dataset.csv
2025-01-24 22:17:33,423 - INFO - 2. Dataset loaded successfully, shape: (153375, 8)
2025-01-24 22:17:33,423 - INFO - 3. Displaying first 5 rows of the dataset:
2025-01-24 22:17:33,429 - INFO - 
   Id  eventId  userID  rawData      ppg     type subType  label
0   1     5635      45   1630.0  69.0000  Seizure    Aura      0
1   2     5635      45   1632.0  68.9283  Seizure    Aura      0
2   3     5635      45   1628.0  68.8575  Seizure    Aura      0
3   4     5635      45   1621.0  68.7877  Seizure    Aura      0
4   5     5635      45   1624.0  68.7189  Seizure    Aura      0
2025-01-24 22:17:33,429 - INFO - 4. Loading data with DataLoader...
2025-01-24 22:17:34,085 - INFO - 5. Data loaded successfully, resulting dataframe shape: (1507, 4)
2025-01-24 22:17:34,085 - INFO - 6. Displaying first row of processed data:
2025-01-24 22:17:34,085 - INFO - 7. Uncomment above row to view output
2025-01-24 22:17:34,085 - INFO - 8. Pipeline complete.
2025-01-24 22:17:59,095 - INFO - 1. Loading dataset from Data/sample_dataset.csv
2025-01-24 22:17:59,184 - INFO - 2. Dataset loaded successfully, shape: (153375, 8)
2025-01-24 22:17:59,184 - INFO - 3. Displaying first 5 rows of the dataset:
2025-01-24 22:17:59,194 - INFO - 
   Id  eventId  userID  rawData      ppg     type subType  label
0   1     5635      45   1630.0  69.0000  Seizure    Aura      0
1   2     5635      45   1632.0  68.9283  Seizure    Aura      0
2   3     5635      45   1628.0  68.8575  Seizure    Aura      0
3   4     5635      45   1621.0  68.7877  Seizure    Aura      0
4   5     5635      45   1624.0  68.7189  Seizure    Aura      0
2025-01-24 22:17:59,194 - INFO - 4. Loading data with DataLoader...
2025-01-24 22:17:59,850 - INFO - 5. Data loaded successfully, resulting dataframe shape: (1507, 4)
2025-01-24 22:17:59,850 - INFO - 6. Displaying first row of processed data:
2025-01-24 22:17:59,850 - INFO - 7. Uncomment above row to view DataLoader output
2025-01-24 22:17:59,850 - INFO - 8. Pipeline complete.
2025-01-24 22:18:14,524 - INFO - 1. Loading dataset from Data/sample_dataset.csv
2025-01-24 22:18:14,627 - INFO - 2. Dataset loaded successfully, shape: (153375, 8)
2025-01-24 22:18:14,627 - INFO - 3. Displaying first 5 rows of the dataset:
2025-01-24 22:18:14,632 - INFO - 
   Id  eventId  userID  rawData      ppg     type subType  label
0   1     5635      45   1630.0  69.0000  Seizure    Aura      0
1   2     5635      45   1632.0  68.9283  Seizure    Aura      0
2   3     5635      45   1628.0  68.8575  Seizure    Aura      0
3   4     5635      45   1621.0  68.7877  Seizure    Aura      0
4   5     5635      45   1624.0  68.7189  Seizure    Aura      0
2025-01-24 22:18:14,632 - INFO - 4. Loading data with DataLoader...
2025-01-24 22:18:15,326 - INFO - 5. Data loaded successfully, resulting dataframe shape: (1507, 4)
2025-01-24 22:18:15,326 - INFO - 6. Displaying first row of processed data:
2025-01-24 22:18:15,328 - INFO - 7. Uncomment above row to view DataLoader output
2025-01-24 22:18:15,328 - INFO - 8. Pipeline complete.
